[WATCHTOWER HEARTBEAT 2026-06-07T19:51:17+08:00] PPID=764683 running
[WATCHTOWER HEARTBEAT 2026-06-07T19:52:17+08:00] PPID=764683 running
[WATCHTOWER HEARTBEAT 2026-06-07T19:53:17+08:00] PPID=764683 running
[WATCHTOWER HEARTBEAT 2026-06-07T19:54:17+08:00] PPID=764683 running
[WATCHTOWER HEARTBEAT 2026-06-07T19:55:17+08:00] PPID=764683 running
[WATCHTOWER HEARTBEAT 2026-06-07T19:56:17+08:00] PPID=764683 running
[WATCHTOWER HEARTBEAT 2026-06-07T19:57:17+08:00] PPID=764683 running
[WATCHTOWER HEARTBEAT 2026-06-07T19:58:17+08:00] PPID=764683 running
[END 2026-06-07T19:58:50+0800]
[§六] 本日有捕获 ✓
[WATCHTOWER 2026-06-07T19:58:52+08:00] 收到退出信号，干净退出 (PPID=764683)
[START 2026-06-07T19:59:23+0800]
[WATCHTOWER START 2026-06-07T19:59:23+08:00] PPID=785630 Daemon=785675
[WATCHTOWER HEARTBEAT 2026-06-07T20:00:23+08:00] PPID=785630 running
[WATCHTOWER HEARTBEAT 2026-06-07T20:01:23+08:00] PPID=785630 running
[WATCHTOWER HEARTBEAT 2026-06-07T20:02:23+08:00] PPID=785630 running
[WATCHTOWER HEARTBEAT 2026-06-07T20:03:23+08:00] PPID=785630 running
[END 2026-06-07T20:03:48+0800]
[§六] 本日有捕获 ✓
[WATCHTOWER 2026-06-07T20:03:48+08:00] 收到退出信号，干净退出 (PPID=785630)
---
[END 2026-06-07T20:04:00+0800]
[§六] 本日有捕获 ✓
---
[START 2026-06-07T20:04:10+0800]
[WATCHTOWER START 2026-06-07T20:04:10+08:00] PPID=789684 Daemon=789722
[WATCHTOWER HEARTBEAT 2026-06-07T20:05:10+08:00] PPID=789684 running
[WATCHTOWER HEARTBEAT 2026-06-07T20:06:11+08:00] PPID=789684 running
[WATCHTOWER HEARTBEAT 2026-06-07T20:07:11+08:00] PPID=789684 running
[WATCHTOWER HEARTBEAT 2026-06-07T20:08:11+08:00] PPID=789684 running
[WATCHTOWER HEARTBEAT 2026-06-07T20:09:11+08:00] PPID=789684 running
[WATCHTOWER HEARTBEAT 2026-06-07T20:10:11+08:00] PPID=789684 running
[WATCHTOWER HEARTBEAT 2026-06-07T20:11:11+08:00] PPID=789684 running
[WATCHTOWER HEARTBEAT 2026-06-07T20:12:11+08:00] PPID=789684 running
[WATCHTOWER HEARTBEAT 2026-06-07T20:13:11+08:00] PPID=789684 running
[WATCHTOWER HEARTBEAT 2026-06-07T20:14:11+08:00] PPID=789684 running
[WATCHTOWER HEARTBEAT 2026-06-07T20:15:11+08:00] PPID=789684 running
[WATCHTOWER HEARTBEAT 2026-06-07T20:16:11+08:00] PPID=789684 running
[WATCHTOWER HEARTBEAT 2026-06-07T20:17:11+08:00] PPID=789684 running
[WATCHTOWER HEARTBEAT 2026-06-07T20:18:11+08:00] PPID=789684 running
[WATCHTOWER HEARTBEAT 2026-06-07T20:19:11+08:00] PPID=789684 running
[END 2026-06-07T20:46:36+0800]
[§六] 本日有捕获 ✓
[START 2026-06-07T20:46:45+0800]
[WATCHTOWER START 2026-06-07T20:46:45+08:00] PPID=819058 Daemon=819097
[WATCHTOWER HEARTBEAT 2026-06-07T20:47:45+08:00] PPID=819058 running
[WATCHTOWER HEARTBEAT 2026-06-07T20:48:45+08:00] PPID=819058 running
[WATCHTOWER HEARTBEAT 2026-06-07T20:49:45+08:00] PPID=819058 running
[WATCHTOWER HEARTBEAT 2026-06-07T20:50:45+08:00] PPID=819058 running
[WATCHTOWER HEARTBEAT 2026-06-07T20:51:45+08:00] PPID=819058 running
[WATCHTOWER HEARTBEAT 2026-06-07T20:52:45+08:00] PPID=819058 running
[WATCHTOWER HEARTBEAT 2026-06-07T20:53:45+08:00] PPID=819058 running
[WATCHTOWER HEARTBEAT 2026-06-07T20:54:45+08:00] PPID=819058 running
[WATCHTOWER HEARTBEAT 2026-06-07T20:55:45+08:00] PPID=819058 running
[WATCHTOWER HEARTBEAT 2026-06-07T20:56:45+08:00] PPID=819058 running
[WATCHTOWER HEARTBEAT 2026-06-07T20:57:46+08:00] PPID=819058 running
[END 2026-06-07T20:58:20+0800]
[§六] 本日有捕获 ✓
[WATCHTOWER 2026-06-07T20:58:21+08:00] 收到退出信号，干净退出 (PPID=819058)
---
[START 2026-06-07T20:58:59+0800]
[WATCHTOWER START 2026-06-07T20:58:59+08:00] PPID=827796 Daemon=827856
[WATCHTOWER HEARTBEAT 2026-06-07T20:59:59+08:00] PPID=827796 running
[WATCHTOWER HEARTBEAT 2026-06-07T21:00:59+08:00] PPID=827796 running
[WATCHTOWER HEARTBEAT 2026-06-07T21:01:59+08:00] PPID=827796 running
[WATCHTOWER HEARTBEAT 2026-06-07T21:02:59+08:00] PPID=827796 running
[WATCHTOWER HEARTBEAT 2026-06-07T21:03:59+08:00] PPID=827796 running
[WATCHTOWER HEARTBEAT 2026-06-07T21:04:59+08:00] PPID=827796 running
[WATCHTOWER HEARTBEAT 2026-06-07T21:05:59+08:00] PPID=827796 running
[WATCHTOWER HEARTBEAT 2026-06-07T21:06:59+08:00] PPID=827796 running
[WATCHTOWER HEARTBEAT 2026-06-07T21:07:59+08:00] PPID=827796 running
[WATCHTOWER HEARTBEAT 2026-06-07T21:08:59+08:00] PPID=827796 running
[WATCHTOWER HEARTBEAT 2026-06-07T21:09:59+08:00] PPID=827796 running
[WATCHTOWER HEARTBEAT 2026-06-07T21:11:00+08:00] PPID=827796 running
[WATCHTOWER HEARTBEAT 2026-06-07T21:12:00+08:00] PPID=827796 running
[WATCHTOWER HEARTBEAT 2026-06-07T21:13:00+08:00] PPID=827796 running
[WATCHTOWER HEARTBEAT 2026-06-07T21:14:00+08:00] PPID=827796 running
[END 2026-06-07T21:14:28+0800]
[§六] 本日有捕获 ✓
[WATCHTOWER 2026-06-07T21:14:30+08:00] 收到退出信号，干净退出 (PPID=827796)
[START 2026-06-07T21:39:44+0800]
[WATCHTOWER START 2026-06-07T21:39:45+08:00] PPID=838117 Daemon=838235
[WATCHTOWER HEARTBEAT 2026-06-07T21:40:45+08:00] PPID=838117 running
[WATCHTOWER HEARTBEAT 2026-06-07T21:41:45+08:00] PPID=838117 running
[WATCHTOWER HEARTBEAT 2026-06-07T21:42:45+08:00] PPID=838117 running
[WATCHTOWER HEARTBEAT 2026-06-07T21:43:45+08:00] PPID=838117 running
[WATCHTOWER HEARTBEAT 2026-06-07T21:44:45+08:00] PPID=838117 running
[WATCHTOWER HEARTBEAT 2026-06-07T21:45:45+08:00] PPID=838117 running
[WATCHTOWER HEARTBEAT 2026-06-07T21:46:45+08:00] PPID=838117 running
[WATCHTOWER HEARTBEAT 2026-06-07T21:47:45+08:00] PPID=838117 running
[WATCHTOWER HEARTBEAT 2026-06-07T21:48:45+08:00] PPID=838117 running
[WATCHTOWER HEARTBEAT 2026-06-07T21:49:45+08:00] PPID=838117 running
[WATCHTOWER HEARTBEAT 2026-06-07T21:50:45+08:00] PPID=838117 running
[WATCHTOWER HEARTBEAT 2026-06-07T21:51:45+08:00] PPID=838117 running
[WATCHTOWER HEARTBEAT 2026-06-07T21:52:45+08:00] PPID=838117 running
[WATCHTOWER HEARTBEAT 2026-06-07T21:53:45+08:00] PPID=838117 running
[WATCHTOWER HEARTBEAT 2026-06-07T21:54:46+08:00] PPID=838117 running
[WATCHTOWER HEARTBEAT 2026-06-07T21:55:46+08:00] PPID=838117 running
[WATCHTOWER HEARTBEAT 2026-06-07T21:56:46+08:00] PPID=838117 running
[WATCHTOWER HEARTBEAT 2026-06-07T21:57:46+08:00] PPID=838117 running
[WATCHTOWER HEARTBEAT 2026-06-07T21:58:46+08:00] PPID=838117 running
[WATCHTOWER HEARTBEAT 2026-06-07T21:59:46+08:00] PPID=838117 running
[WATCHTOWER HEARTBEAT 2026-06-07T22:00:46+08:00] PPID=838117 running
[WATCHTOWER HEARTBEAT 2026-06-07T22:01:46+08:00] PPID=838117 running
[WATCHTOWER HEARTBEAT 2026-06-07T22:02:46+08:00] PPID=838117 running
[WATCHTOWER HEARTBEAT 2026-06-07T22:03:46+08:00] PPID=838117 running
[WATCHTOWER HEARTBEAT 2026-06-07T22:04:46+08:00] PPID=838117 running
[WATCHTOWER HEARTBEAT 2026-06-07T22:05:46+08:00] PPID=838117 running
[WATCHTOWER HEARTBEAT 2026-06-07T22:06:46+08:00] PPID=838117 running
