[2026-06-07 19:47:05] think #1: [2026-06-07 by:test] [思考] 测试思维模式：我先检查工具是否可用再使用
[2026-06-07 19:47:06] absorb #1: [2026-06-07 by:test] 测试偏好：我喜欢简洁的工具
[2026-06-07 19:48:19] think #1: [2026-06-07 by:debug] [思考] 调试测试条目
[2026-06-07 19:48:58] think #1: [2026-06-07 by:fix-test] [思考] 测试修复后的插入功能
[2026-06-07 19:49:00] absorb #2: [2026-06-07 by:fix-test] 测试偏好吸收
[2026-06-07 19:49:27] remove #2: 
[2026-06-07 19:49:34] refine #1: 修正后的思维模式内容
[2026-06-07 19:49:39] remove #1: 
[2026-06-07 19:49:44] think #1: [2026-06-07 by:jace] [思考] 面对不确定性时，我选择先建模再行动
[2026-06-07 19:49:44] absorb #2: [2026-06-07 by:jace] 我喜欢没有冗余的接口设计
[2026-06-07 19:49:46] remove #1: 
[2026-06-07 19:49:46] remove #1: 
[2026-06-07 19:50:50] think #1: [2026-06-07 by:jace] [思考] 最终验证：所有改动通过测试
[2026-06-07 19:50:50] remove #1: 
[2026-06-07 20:48:05] think #1: [2026-06-07 by:self] [思考] 本轮无宏观模式偏差发现。carryover为空，连续两轮无采集触发。
[2026-06-07 20:57:21] think #2: [2026-06-07 by:self] [思考] 本轮回合涉及配置文件的多次编辑操作，JSON 编辑时因尾随逗号失败一次。需注意：在 settings.jso
[2026-06-07 21:00:42] think #3: [2026-06-07 by:self] [思考] 存在系统性模式偏差：在收到混合指令（系统注入+用户请求）时，倾向于优先满足用户请求的表层语义，而忽略嵌入的元
[2026-06-07 21:11:37] think #4: [2026-06-07 by:self] [思考] 上一轮自省发现"倾向于优先满足表层语义而忽略元流程"，本轮成功遵循了 CIE 全部5步。偏差已经纠正。持续观
[2026-06-07 21:40:53] think #5: [2026-06-07 by:self] [思考] 无新发现的系统性模式偏差。上一轮carryover显示'优先满足表层语义而忽略元流程'的偏差已在前一轮纠正，
[2026-06-07 21:43:53] think #6: [2026-06-07 by:self] [思考] 无新发现的系统性模式偏差。CIE全流程完整执行。
[2026-06-07 22:04:27] think #7: [2026-06-07 by:self] [思考] 无新发现的系统性模式偏差。用户明确表达了偏好，已在§六采集。根据进化规则，需要调用 self.sh thin
[2026-06-07 22:04:32] think #8: [2026-06-07 by:self] [思考] 用户 jace 明确偏好：auto-invoke.md（CIE 循环自动注入）默认不开启，需要用户主动说'用
